// Jest Snapshot v1, https://goo.gl/fbAQLP

exports[`Test the Arrow Component checks the rendring of the Arrow component 1`] = `
ShallowWrapper {
  "length": 1,
  Symbol(enzyme.__root__): [Circular],
  Symbol(enzyme.__unrendered__): <Arrow
    onClickLeftArrow={null}
    onClickRightArrow={null}
  />,
  Symbol(enzyme.__renderer__): Object {
    "batchedUpdates": [Function],
    "getNode": [Function],
    "render": [Function],
    "simulateEvent": [Function],
    "unmount": [Function],
  },
  Symbol(enzyme.__node__): Object {
    "instance": null,
    "key": undefined,
    "nodeType": "host",
    "props": Object {
      "children": Array [
        <div
          className="arrowRight"
          onClick={null}
          onKeyPress={[Function]}
          role="button"
          tabIndex="0"
        />,
        <div
          className="arrowLeft"
          onClick={null}
          onKeyPress={[Function]}
          role="button"
          tabIndex="0"
        />,
      ],
    },
    "ref": null,
    "rendered": Array [
      Object {
        "instance": null,
        "key": undefined,
        "nodeType": "host",
        "props": Object {
          "className": "arrowRight",
          "onClick": null,
          "onKeyPress": [Function],
          "role": "button",
          "tabIndex": "0",
        },
        "ref": null,
        "rendered": null,
        "type": "div",
      },
      Object {
        "instance": null,
        "key": undefined,
        "nodeType": "host",
        "props": Object {
          "className": "arrowLeft",
          "onClick": null,
          "onKeyPress": [Function],
          "role": "button",
          "tabIndex": "0",
        },
        "ref": null,
        "rendered": null,
        "type": "div",
      },
    ],
    "type": "div",
  },
  Symbol(enzyme.__nodes__): Array [
    Object {
      "instance": null,
      "key": undefined,
      "nodeType": "host",
      "props": Object {
        "children": Array [
          <div
            className="arrowRight"
            onClick={null}
            onKeyPress={[Function]}
            role="button"
            tabIndex="0"
          />,
          <div
            className="arrowLeft"
            onClick={null}
            onKeyPress={[Function]}
            role="button"
            tabIndex="0"
          />,
        ],
      },
      "ref": null,
      "rendered": Array [
        Object {
          "instance": null,
          "key": undefined,
          "nodeType": "host",
          "props": Object {
            "className": "arrowRight",
            "onClick": null,
            "onKeyPress": [Function],
            "role": "button",
            "tabIndex": "0",
          },
          "ref": null,
          "rendered": null,
          "type": "div",
        },
        Object {
          "instance": null,
          "key": undefined,
          "nodeType": "host",
          "props": Object {
            "className": "arrowLeft",
            "onClick": null,
            "onKeyPress": [Function],
            "role": "button",
            "tabIndex": "0",
          },
          "ref": null,
          "rendered": null,
          "type": "div",
        },
      ],
      "type": "div",
    },
  ],
  Symbol(enzyme.__options__): Object {
    "adapter": ReactSixteenAdapter {
      "options": Object {
        "enableComponentDidUpdateOnSetState": true,
      },
    },
  },
}
`;
