// Jest Snapshot v1, https://goo.gl/fbAQLP

exports[`Test the Event Component of Calender checks the rendring 1`] = `
ShallowWrapper {
  "length": 1,
  Symbol(enzyme.__root__): [Circular],
  Symbol(enzyme.__unrendered__): <Event
    counter={0}
    events={
      Array [
        Object {
          "event": "Half terms End",
          "eventDate": "01 May",
          "id": 1,
          "time": "",
        },
        Object {
          "event": "NetBall: first vii vs viii",
          "eventDate": "20 May",
          "id": 2,
          "time": "2:30 pm",
        },
        Object {
          "event": "Parent presentation on healthy living",
          "eventDate": "03 June",
          "id": 3,
          "time": "12:35 pm",
        },
        Object {
          "event": "M5 rs trip to walsigham",
          "eventDate": "25 June",
          "id": 4,
          "time": "",
        },
        Object {
          "event": "Tour to muree",
          "eventDate": "15 July",
          "id": 5,
          "time": "2:30 pm",
        },
        Object {
          "event": "Water splash Day",
          "eventDate": "28 July",
          "id": 6,
          "time": "11:35 am",
        },
        Object {
          "event": "Visit to Jungle",
          "eventDate": "05 Aug",
          "id": 7,
          "time": "",
        },
        Object {
          "event": "Independence Day",
          "eventDate": "14 Aug",
          "id": 8,
          "time": "12:35 am",
        },
        Object {
          "event": "Bsant Day",
          "eventDate": "25 Aug",
          "id": 9,
          "time": "11:38 pm",
        },
      ]
    }
  />,
  Symbol(enzyme.__renderer__): Object {
    "batchedUpdates": [Function],
    "getNode": [Function],
    "render": [Function],
    "simulateEvent": [Function],
    "unmount": [Function],
  },
  Symbol(enzyme.__node__): Object {
    "instance": null,
    "key": undefined,
    "nodeType": "host",
    "props": Object {
      "children": Array [
        <div
          className="event"
        >
          <div
            className="comingEvents"
          >
            Half terms End
          </div>
          <div
            className="comingEventsDates"
          >
            01 May
          </div>
          <div
            className="time"
          >
            
          </div>
          <div
            className="clear"
          />
        </div>,
        <div
          className="event"
        >
          <div
            className="comingEvents"
          >
            NetBall: first vii vs viii
          </div>
          <div
            className="comingEventsDates"
          >
            20 May
          </div>
          <div
            className="time"
          >
            2:30 pm
          </div>
          <div
            className="clear"
          />
        </div>,
        <div
          className="event"
        >
          <div
            className="comingEvents"
          >
            Parent presentation on healthy living
          </div>
          <div
            className="comingEventsDates"
          >
            03 June
          </div>
          <div
            className="time"
          >
            12:35 pm
          </div>
          <div
            className="clear"
          />
        </div>,
        <div
          className="event"
        >
          <div
            className="comingEvents"
          >
            M5 rs trip to walsigham
          </div>
          <div
            className="comingEventsDates"
          >
            25 June
          </div>
          <div
            className="time"
          >
            
          </div>
          <div
            className="clear"
          />
        </div>,
      ],
    },
    "ref": null,
    "rendered": Array [
      Object {
        "instance": null,
        "key": "1",
        "nodeType": "host",
        "props": Object {
          "children": Array [
            <div
              className="comingEvents"
            >
              Half terms End
            </div>,
            <div
              className="comingEventsDates"
            >
              01 May
            </div>,
            <div
              className="time"
            >
              
            </div>,
            <div
              className="clear"
            />,
          ],
          "className": "event",
        },
        "ref": null,
        "rendered": Array [
          Object {
            "instance": null,
            "key": undefined,
            "nodeType": "host",
            "props": Object {
              "children": "Half terms End",
              "className": "comingEvents",
            },
            "ref": null,
            "rendered": "Half terms End",
            "type": "div",
          },
          Object {
            "instance": null,
            "key": undefined,
            "nodeType": "host",
            "props": Object {
              "children": "01 May",
              "className": "comingEventsDates",
            },
            "ref": null,
            "rendered": "01 May",
            "type": "div",
          },
          Object {
            "instance": null,
            "key": undefined,
            "nodeType": "host",
            "props": Object {
              "children": "",
              "className": "time",
            },
            "ref": null,
            "rendered": "",
            "type": "div",
          },
          Object {
            "instance": null,
            "key": undefined,
            "nodeType": "host",
            "props": Object {
              "className": "clear",
            },
            "ref": null,
            "rendered": null,
            "type": "div",
          },
        ],
        "type": "div",
      },
      Object {
        "instance": null,
        "key": "2",
        "nodeType": "host",
        "props": Object {
          "children": Array [
            <div
              className="comingEvents"
            >
              NetBall: first vii vs viii
            </div>,
            <div
              className="comingEventsDates"
            >
              20 May
            </div>,
            <div
              className="time"
            >
              2:30 pm
            </div>,
            <div
              className="clear"
            />,
          ],
          "className": "event",
        },
        "ref": null,
        "rendered": Array [
          Object {
            "instance": null,
            "key": undefined,
            "nodeType": "host",
            "props": Object {
              "children": "NetBall: first vii vs viii",
              "className": "comingEvents",
            },
            "ref": null,
            "rendered": "NetBall: first vii vs viii",
            "type": "div",
          },
          Object {
            "instance": null,
            "key": undefined,
            "nodeType": "host",
            "props": Object {
              "children": "20 May",
              "className": "comingEventsDates",
            },
            "ref": null,
            "rendered": "20 May",
            "type": "div",
          },
          Object {
            "instance": null,
            "key": undefined,
            "nodeType": "host",
            "props": Object {
              "children": "2:30 pm",
              "className": "time",
            },
            "ref": null,
            "rendered": "2:30 pm",
            "type": "div",
          },
          Object {
            "instance": null,
            "key": undefined,
            "nodeType": "host",
            "props": Object {
              "className": "clear",
            },
            "ref": null,
            "rendered": null,
            "type": "div",
          },
        ],
        "type": "div",
      },
      Object {
        "instance": null,
        "key": "3",
        "nodeType": "host",
        "props": Object {
          "children": Array [
            <div
              className="comingEvents"
            >
              Parent presentation on healthy living
            </div>,
            <div
              className="comingEventsDates"
            >
              03 June
            </div>,
            <div
              className="time"
            >
              12:35 pm
            </div>,
            <div
              className="clear"
            />,
          ],
          "className": "event",
        },
        "ref": null,
        "rendered": Array [
          Object {
            "instance": null,
            "key": undefined,
            "nodeType": "host",
            "props": Object {
              "children": "Parent presentation on healthy living",
              "className": "comingEvents",
            },
            "ref": null,
            "rendered": "Parent presentation on healthy living",
            "type": "div",
          },
          Object {
            "instance": null,
            "key": undefined,
            "nodeType": "host",
            "props": Object {
              "children": "03 June",
              "className": "comingEventsDates",
            },
            "ref": null,
            "rendered": "03 June",
            "type": "div",
          },
          Object {
            "instance": null,
            "key": undefined,
            "nodeType": "host",
            "props": Object {
              "children": "12:35 pm",
              "className": "time",
            },
            "ref": null,
            "rendered": "12:35 pm",
            "type": "div",
          },
          Object {
            "instance": null,
            "key": undefined,
            "nodeType": "host",
            "props": Object {
              "className": "clear",
            },
            "ref": null,
            "rendered": null,
            "type": "div",
          },
        ],
        "type": "div",
      },
      Object {
        "instance": null,
        "key": "4",
        "nodeType": "host",
        "props": Object {
          "children": Array [
            <div
              className="comingEvents"
            >
              M5 rs trip to walsigham
            </div>,
            <div
              className="comingEventsDates"
            >
              25 June
            </div>,
            <div
              className="time"
            >
              
            </div>,
            <div
              className="clear"
            />,
          ],
          "className": "event",
        },
        "ref": null,
        "rendered": Array [
          Object {
            "instance": null,
            "key": undefined,
            "nodeType": "host",
            "props": Object {
              "children": "M5 rs trip to walsigham",
              "className": "comingEvents",
            },
            "ref": null,
            "rendered": "M5 rs trip to walsigham",
            "type": "div",
          },
          Object {
            "instance": null,
            "key": undefined,
            "nodeType": "host",
            "props": Object {
              "children": "25 June",
              "className": "comingEventsDates",
            },
            "ref": null,
            "rendered": "25 June",
            "type": "div",
          },
          Object {
            "instance": null,
            "key": undefined,
            "nodeType": "host",
            "props": Object {
              "children": "",
              "className": "time",
            },
            "ref": null,
            "rendered": "",
            "type": "div",
          },
          Object {
            "instance": null,
            "key": undefined,
            "nodeType": "host",
            "props": Object {
              "className": "clear",
            },
            "ref": null,
            "rendered": null,
            "type": "div",
          },
        ],
        "type": "div",
      },
    ],
    "type": "div",
  },
  Symbol(enzyme.__nodes__): Array [
    Object {
      "instance": null,
      "key": undefined,
      "nodeType": "host",
      "props": Object {
        "children": Array [
          <div
            className="event"
          >
            <div
              className="comingEvents"
            >
              Half terms End
            </div>
            <div
              className="comingEventsDates"
            >
              01 May
            </div>
            <div
              className="time"
            >
              
            </div>
            <div
              className="clear"
            />
          </div>,
          <div
            className="event"
          >
            <div
              className="comingEvents"
            >
              NetBall: first vii vs viii
            </div>
            <div
              className="comingEventsDates"
            >
              20 May
            </div>
            <div
              className="time"
            >
              2:30 pm
            </div>
            <div
              className="clear"
            />
          </div>,
          <div
            className="event"
          >
            <div
              className="comingEvents"
            >
              Parent presentation on healthy living
            </div>
            <div
              className="comingEventsDates"
            >
              03 June
            </div>
            <div
              className="time"
            >
              12:35 pm
            </div>
            <div
              className="clear"
            />
          </div>,
          <div
            className="event"
          >
            <div
              className="comingEvents"
            >
              M5 rs trip to walsigham
            </div>
            <div
              className="comingEventsDates"
            >
              25 June
            </div>
            <div
              className="time"
            >
              
            </div>
            <div
              className="clear"
            />
          </div>,
        ],
      },
      "ref": null,
      "rendered": Array [
        Object {
          "instance": null,
          "key": "1",
          "nodeType": "host",
          "props": Object {
            "children": Array [
              <div
                className="comingEvents"
              >
                Half terms End
              </div>,
              <div
                className="comingEventsDates"
              >
                01 May
              </div>,
              <div
                className="time"
              >
                
              </div>,
              <div
                className="clear"
              />,
            ],
            "className": "event",
          },
          "ref": null,
          "rendered": Array [
            Object {
              "instance": null,
              "key": undefined,
              "nodeType": "host",
              "props": Object {
                "children": "Half terms End",
                "className": "comingEvents",
              },
              "ref": null,
              "rendered": "Half terms End",
              "type": "div",
            },
            Object {
              "instance": null,
              "key": undefined,
              "nodeType": "host",
              "props": Object {
                "children": "01 May",
                "className": "comingEventsDates",
              },
              "ref": null,
              "rendered": "01 May",
              "type": "div",
            },
            Object {
              "instance": null,
              "key": undefined,
              "nodeType": "host",
              "props": Object {
                "children": "",
                "className": "time",
              },
              "ref": null,
              "rendered": "",
              "type": "div",
            },
            Object {
              "instance": null,
              "key": undefined,
              "nodeType": "host",
              "props": Object {
                "className": "clear",
              },
              "ref": null,
              "rendered": null,
              "type": "div",
            },
          ],
          "type": "div",
        },
        Object {
          "instance": null,
          "key": "2",
          "nodeType": "host",
          "props": Object {
            "children": Array [
              <div
                className="comingEvents"
              >
                NetBall: first vii vs viii
              </div>,
              <div
                className="comingEventsDates"
              >
                20 May
              </div>,
              <div
                className="time"
              >
                2:30 pm
              </div>,
              <div
                className="clear"
              />,
            ],
            "className": "event",
          },
          "ref": null,
          "rendered": Array [
            Object {
              "instance": null,
              "key": undefined,
              "nodeType": "host",
              "props": Object {
                "children": "NetBall: first vii vs viii",
                "className": "comingEvents",
              },
              "ref": null,
              "rendered": "NetBall: first vii vs viii",
              "type": "div",
            },
            Object {
              "instance": null,
              "key": undefined,
              "nodeType": "host",
              "props": Object {
                "children": "20 May",
                "className": "comingEventsDates",
              },
              "ref": null,
              "rendered": "20 May",
              "type": "div",
            },
            Object {
              "instance": null,
              "key": undefined,
              "nodeType": "host",
              "props": Object {
                "children": "2:30 pm",
                "className": "time",
              },
              "ref": null,
              "rendered": "2:30 pm",
              "type": "div",
            },
            Object {
              "instance": null,
              "key": undefined,
              "nodeType": "host",
              "props": Object {
                "className": "clear",
              },
              "ref": null,
              "rendered": null,
              "type": "div",
            },
          ],
          "type": "div",
        },
        Object {
          "instance": null,
          "key": "3",
          "nodeType": "host",
          "props": Object {
            "children": Array [
              <div
                className="comingEvents"
              >
                Parent presentation on healthy living
              </div>,
              <div
                className="comingEventsDates"
              >
                03 June
              </div>,
              <div
                className="time"
              >
                12:35 pm
              </div>,
              <div
                className="clear"
              />,
            ],
            "className": "event",
          },
          "ref": null,
          "rendered": Array [
            Object {
              "instance": null,
              "key": undefined,
              "nodeType": "host",
              "props": Object {
                "children": "Parent presentation on healthy living",
                "className": "comingEvents",
              },
              "ref": null,
              "rendered": "Parent presentation on healthy living",
              "type": "div",
            },
            Object {
              "instance": null,
              "key": undefined,
              "nodeType": "host",
              "props": Object {
                "children": "03 June",
                "className": "comingEventsDates",
              },
              "ref": null,
              "rendered": "03 June",
              "type": "div",
            },
            Object {
              "instance": null,
              "key": undefined,
              "nodeType": "host",
              "props": Object {
                "children": "12:35 pm",
                "className": "time",
              },
              "ref": null,
              "rendered": "12:35 pm",
              "type": "div",
            },
            Object {
              "instance": null,
              "key": undefined,
              "nodeType": "host",
              "props": Object {
                "className": "clear",
              },
              "ref": null,
              "rendered": null,
              "type": "div",
            },
          ],
          "type": "div",
        },
        Object {
          "instance": null,
          "key": "4",
          "nodeType": "host",
          "props": Object {
            "children": Array [
              <div
                className="comingEvents"
              >
                M5 rs trip to walsigham
              </div>,
              <div
                className="comingEventsDates"
              >
                25 June
              </div>,
              <div
                className="time"
              >
                
              </div>,
              <div
                className="clear"
              />,
            ],
            "className": "event",
          },
          "ref": null,
          "rendered": Array [
            Object {
              "instance": null,
              "key": undefined,
              "nodeType": "host",
              "props": Object {
                "children": "M5 rs trip to walsigham",
                "className": "comingEvents",
              },
              "ref": null,
              "rendered": "M5 rs trip to walsigham",
              "type": "div",
            },
            Object {
              "instance": null,
              "key": undefined,
              "nodeType": "host",
              "props": Object {
                "children": "25 June",
                "className": "comingEventsDates",
              },
              "ref": null,
              "rendered": "25 June",
              "type": "div",
            },
            Object {
              "instance": null,
              "key": undefined,
              "nodeType": "host",
              "props": Object {
                "children": "",
                "className": "time",
              },
              "ref": null,
              "rendered": "",
              "type": "div",
            },
            Object {
              "instance": null,
              "key": undefined,
              "nodeType": "host",
              "props": Object {
                "className": "clear",
              },
              "ref": null,
              "rendered": null,
              "type": "div",
            },
          ],
          "type": "div",
        },
      ],
      "type": "div",
    },
  ],
  Symbol(enzyme.__options__): Object {
    "adapter": ReactSixteenAdapter {
      "options": Object {
        "enableComponentDidUpdateOnSetState": true,
      },
    },
  },
}
`;
